mobile/App.tsx(13,8): error TS2307: Cannot find module 'react-native' or its corresponding type declarations.
mobile/App.tsx(61,32): error TS2322: Type '{ style: "light"; backgroundColor: string; }' is not assignable to type 'IntrinsicAttributes & StatusBarProps'.
  Property 'backgroundColor' does not exist on type 'IntrinsicAttributes & StatusBarProps'.
mobile/App.tsx(79,71): error TS2551: Property 'accentRoseSoft' does not exist on type '{ bgPrimary: string; bgSecondary: string; bgCard: string; borderSubtle: string; textPrimary: string; textSecondary: string; textMuted: string; accentTeal: string; accentAmber: string; accentSage: string; accentRose: string; }'. Did you mean 'accentRose'?
mobile/App.tsx(98,68): error TS2551: Property 'accentRoseSoft' does not exist on type '{ bgPrimary: string; bgSecondary: string; bgCard: string; borderSubtle: string; textPrimary: string; textSecondary: string; textMuted: string; accentTeal: string; accentAmber: string; accentSage: string; accentRose: string; }'. Did you mean 'accentRose'?
mobile/src/components/AiSupportSignalCard.tsx(5,58): error TS2307: Cannot find module 'react-native' or its corresponding type declarations.
mobile/src/components/AiSupportSignalCard.tsx(39,53): error TS2551: Property 'accentRoseSoft' does not exist on type '{ bgPrimary: string; bgSecondary: string; bgCard: string; borderSubtle: string; textPrimary: string; textSecondary: string; textMuted: string; accentTeal: string; accentAmber: string; accentSage: string; accentRose: string; }'. Did you mean 'accentRose'?
mobile/src/components/AiSupportSignalCard.tsx(39,77): error TS2551: Property 'accentAmberSoft' does not exist on type '{ bgPrimary: string; bgSecondary: string; bgCard: string; borderSubtle: string; textPrimary: string; textSecondary: string; textMuted: string; accentTeal: string; accentAmber: string; accentSage: string; accentRose: string; }'. Did you mean 'accentAmber'?
mobile/src/components/AiSupportSignalCard.tsx(99,63): error TS2551: Property 'accentTealSoft' does not exist on type '{ bgPrimary: string; bgSecondary: string; bgCard: string; borderSubtle: string; textPrimary: string; textSecondary: string; textMuted: string; accentTeal: string; accentAmber: string; accentSage: string; accentRose: string; }'. Did you mean 'accentTeal'?
mobile/src/components/AiSupportSignalCard.tsx(108,104): error TS2339: Property 'accentBlue' does not exist on type '{ bgPrimary: string; bgSecondary: string; bgCard: string; borderSubtle: string; textPrimary: string; textSecondary: string; textMuted: string; accentTeal: string; accentAmber: string; accentSage: string; accentRose: string; }'.
mobile/src/components/AppointmentModal.tsx(14,8): error TS2307: Cannot find module 'react-native' or its corresponding type declarations.
mobile/src/components/AppointmentModal.tsx(99,77): error TS2551: Property 'accentSageSoft' does not exist on type '{ bgPrimary: string; bgSecondary: string; bgCard: string; borderSubtle: string; textPrimary: string; textSecondary: string; textMuted: string; accentTeal: string; accentAmber: string; accentSage: string; accentRose: string; }'. Did you mean 'accentSage'?
mobile/src/components/AppointmentModal.tsx(103,60): error TS2339: Property 'textLight' does not exist on type '{ bgPrimary: string; bgSecondary: string; bgCard: string; borderSubtle: string; textPrimary: string; textSecondary: string; textMuted: string; accentTeal: string; accentAmber: string; accentSage: string; accentRose: string; }'.
mobile/src/components/AppointmentModal.tsx(144,79): error TS2339: Property 'textLight' does not exist on type '{ bgPrimary: string; bgSecondary: string; bgCard: string; borderSubtle: string; textPrimary: string; textSecondary: string; textMuted: string; accentTeal: string; accentAmber: string; accentSage: string; accentRose: string; }'.
mobile/src/components/AppointmentModal.tsx(156,75): error TS2551: Property 'accentTealSoft' does not exist on type '{ bgPrimary: string; bgSecondary: string; bgCard: string; borderSubtle: string; textPrimary: string; textSecondary: string; textMuted: string; accentTeal: string; accentAmber: string; accentSage: string; accentRose: string; }'. Did you mean 'accentTeal'?
mobile/src/components/DemoController.tsx(5,58): error TS2307: Cannot find module 'react-native' or its corresponding type declarations.
mobile/src/components/DemoController.tsx(51,55): error TS2339: Property 'textLight' does not exist on type '{ bgPrimary: string; bgSecondary: string; bgCard: string; borderSubtle: string; textPrimary: string; textSecondary: string; textMuted: string; accentTeal: string; accentAmber: string; accentSage: string; accentRose: string; }'.
mobile/src/components/EmergencyModal.tsx(15,8): error TS2307: Cannot find module 'react-native' or its corresponding type declarations.
mobile/src/components/EmergencyModal.tsx(43,82): error TS2339: Property 'accentPurple' does not exist on type '{ bgPrimary: string; bgSecondary: string; bgCard: string; borderSubtle: string; textPrimary: string; textSecondary: string; textMuted: string; accentTeal: string; accentAmber: string; accentSage: string; accentRose: string; }'.
mobile/src/components/EmergencyModal.tsx(47,42): error TS7006: Parameter 'e' implicitly has an 'any' type.
mobile/src/components/EmergencyModal.tsx(62,71): error TS2551: Property 'accentRoseSoft' does not exist on type '{ bgPrimary: string; bgSecondary: string; bgCard: string; borderSubtle: string; textPrimary: string; textSecondary: string; textMuted: string; accentTeal: string; accentAmber: string; accentSage: string; accentRose: string; }'. Did you mean 'accentRose'?
mobile/src/components/EmergencyModal.tsx(77,77): error TS2551: Property 'accentRoseSoft' does not exist on type '{ bgPrimary: string; bgSecondary: string; bgCard: string; borderSubtle: string; textPrimary: string; textSecondary: string; textMuted: string; accentTeal: string; accentAmber: string; accentSage: string; accentRose: string; }'. Did you mean 'accentRose'?
mobile/src/components/EmergencyModal.tsx(81,68): error TS2339: Property 'textLight' does not exist on type '{ bgPrimary: string; bgSecondary: string; bgCard: string; borderSubtle: string; textPrimary: string; textSecondary: string; textMuted: string; accentTeal: string; accentAmber: string; accentSage: string; accentRose: string; }'.
mobile/src/components/EmergencyModal.tsx(88,82): error TS2551: Property 'accentRoseSoft' does not exist on type '{ bgPrimary: string; bgSecondary: string; bgCard: string; borderSubtle: string; textPrimary: string; textSecondary: string; textMuted: string; accentTeal: string; accentAmber: string; accentSage: string; accentRose: string; }'. Did you mean 'accentRose'?
mobile/src/components/EmergencyModal.tsx(92,60): error TS2339: Property 'textLight' does not exist on type '{ bgPrimary: string; bgSecondary: string; bgCard: string; borderSubtle: string; textPrimary: string; textSecondary: string; textMuted: string; accentTeal: string; accentAmber: string; accentSage: string; accentRose: string; }'.
mobile/src/components/EmergencyModal.tsx(155,44): error TS2339: Property 'textLight' does not exist on type '{ bgPrimary: string; bgSecondary: string; bgCard: string; borderSubtle: string; textPrimary: string; textSecondary: string; textMuted: string; accentTeal: string; accentAmber: string; accentSage: string; accentRose: string; }'.
mobile/src/components/HomeScreen.tsx(11,8): error TS2307: Cannot find module 'react-native' or its corresponding type declarations.
mobile/src/components/HomeScreen.tsx(148,73): error TS2551: Property 'accentSageSoft' does not exist on type '{ bgPrimary: string; bgSecondary: string; bgCard: string; borderSubtle: string; textPrimary: string; textSecondary: string; textMuted: string; accentTeal: string; accentAmber: string; accentSage: string; accentRose: string; }'. Did you mean 'accentSage'?
mobile/src/components/HomeScreen.tsx(159,72): error TS2551: Property 'accentSageSoft' does not exist on type '{ bgPrimary: string; bgSecondary: string; bgCard: string; borderSubtle: string; textPrimary: string; textSecondary: string; textMuted: string; accentTeal: string; accentAmber: string; accentSage: string; accentRose: string; }'. Did you mean 'accentSage'?
mobile/src/components/HomeScreen.tsx(174,73): error TS2551: Property 'accentAmberSoft' does not exist on type '{ bgPrimary: string; bgSecondary: string; bgCard: string; borderSubtle: string; textPrimary: string; textSecondary: string; textMuted: string; accentTeal: string; accentAmber: string; accentSage: string; accentRose: string; }'. Did you mean 'accentAmber'?
mobile/src/components/Onboarding.tsx(11,8): error TS2307: Cannot find module 'react-native' or its corresponding type declarations.
mobile/src/components/Onboarding.tsx(72,72): error TS2551: Property 'accentTealSoft' does not exist on type '{ bgPrimary: string; bgSecondary: string; bgCard: string; borderSubtle: string; textPrimary: string; textSecondary: string; textMuted: string; accentTeal: string; accentAmber: string; accentSage: string; accentRose: string; }'. Did you mean 'accentTeal'?
mobile/src/components/Onboarding.tsx(93,72): error TS2551: Property 'accentSageSoft' does not exist on type '{ bgPrimary: string; bgSecondary: string; bgCard: string; borderSubtle: string; textPrimary: string; textSecondary: string; textMuted: string; accentTeal: string; accentAmber: string; accentSage: string; accentRose: string; }'. Did you mean 'accentSage'?
mobile/src/components/Onboarding.tsx(142,58): error TS2339: Property 'textLight' does not exist on type '{ bgPrimary: string; bgSecondary: string; bgCard: string; borderSubtle: string; textPrimary: string; textSecondary: string; textMuted: string; accentTeal: string; accentAmber: string; accentSage: string; accentRose: string; }'.
mobile/src/components/Onboarding.tsx(143,58): error TS2339: Property 'textLight' does not exist on type '{ bgPrimary: string; bgSecondary: string; bgCard: string; borderSubtle: string; textPrimary: string; textSecondary: string; textMuted: string; accentTeal: string; accentAmber: string; accentSage: string; accentRose: string; }'.
mobile/src/components/Onboarding.tsx(144,58): error TS2339: Property 'textLight' does not exist on type '{ bgPrimary: string; bgSecondary: string; bgCard: string; borderSubtle: string; textPrimary: string; textSecondary: string; textMuted: string; accentTeal: string; accentAmber: string; accentSage: string; accentRose: string; }'.
mobile/src/components/Onboarding.tsx(164,72): error TS2551: Property 'accentAmberSoft' does not exist on type '{ bgPrimary: string; bgSecondary: string; bgCard: string; borderSubtle: string; textPrimary: string; textSecondary: string; textMuted: string; accentTeal: string; accentAmber: string; accentSage: string; accentRose: string; }'. Did you mean 'accentAmber'?
mobile/src/components/Onboarding.tsx(180,61): error TS2551: Property 'accentTealSoft' does not exist on type '{ bgPrimary: string; bgSecondary: string; bgCard: string; borderSubtle: string; textPrimary: string; textSecondary: string; textMuted: string; accentTeal: string; accentAmber: string; accentSage: string; accentRose: string; }'. Did you mean 'accentTeal'?
mobile/src/components/Onboarding.tsx(197,61): error TS2551: Property 'accentTealSoft' does not exist on type '{ bgPrimary: string; bgSecondary: string; bgCard: string; borderSubtle: string; textPrimary: string; textSecondary: string; textMuted: string; accentTeal: string; accentAmber: string; accentSage: string; accentRose: string; }'. Did you mean 'accentTeal'?
mobile/src/components/Onboarding.tsx(256,70): error TS2339: Property 'textLight' does not exist on type '{ bgPrimary: string; bgSecondary: string; bgCard: string; borderSubtle: string; textPrimary: string; textSecondary: string; textMuted: string; accentTeal: string; accentAmber: string; accentSage: string; accentRose: string; }'.
mobile/src/components/PermissionCenterModal.tsx(13,8): error TS2307: Cannot find module 'react-native' or its corresponding type declarations.
mobile/src/components/PermissionCenterModal.tsx(84,72): error TS2551: Property 'accentTealSoft' does not exist on type '{ bgPrimary: string; bgSecondary: string; bgCard: string; borderSubtle: string; textPrimary: string; textSecondary: string; textMuted: string; accentTeal: string; accentAmber: string; accentSage: string; accentRose: string; }'. Did you mean 'accentTeal'?
mobile/src/components/PermissionCenterModal.tsx(85,58): error TS2339: Property 'textLight' does not exist on type '{ bgPrimary: string; bgSecondary: string; bgCard: string; borderSubtle: string; textPrimary: string; textSecondary: string; textMuted: string; accentTeal: string; accentAmber: string; accentSage: string; accentRose: string; }'.
mobile/src/components/PermissionCenterModal.tsx(102,126): error TS2551: Property 'accentSageSoft' does not exist on type '{ bgPrimary: string; bgSecondary: string; bgCard: string; borderSubtle: string; textPrimary: string; textSecondary: string; textMuted: string; accentTeal: string; accentAmber: string; accentSage: string; accentRose: string; }'. Did you mean 'accentSage'?
mobile/src/components/PermissionCenterModal.tsx(120,122): error TS2551: Property 'accentSageSoft' does not exist on type '{ bgPrimary: string; bgSecondary: string; bgCard: string; borderSubtle: string; textPrimary: string; textSecondary: string; textMuted: string; accentTeal: string; accentAmber: string; accentSage: string; accentRose: string; }'. Did you mean 'accentSage'?
mobile/src/components/PermissionCenterModal.tsx(138,122): error TS2551: Property 'accentSageSoft' does not exist on type '{ bgPrimary: string; bgSecondary: string; bgCard: string; borderSubtle: string; textPrimary: string; textSecondary: string; textMuted: string; accentTeal: string; accentAmber: string; accentSage: string; accentRose: string; }'. Did you mean 'accentSage'?
mobile/src/components/PermissionCenterModal.tsx(156,122): error TS2551: Property 'accentSageSoft' does not exist on type '{ bgPrimary: string; bgSecondary: string; bgCard: string; borderSubtle: string; textPrimary: string; textSecondary: string; textMuted: string; accentTeal: string; accentAmber: string; accentSage: string; accentRose: string; }'. Did you mean 'accentSage'?
mobile/src/components/ProfileSettings.tsx(12,8): error TS2307: Cannot find module 'react-native' or its corresponding type declarations.
mobile/src/components/ProfileSettings.tsx(65,72): error TS2551: Property 'accentSageSoft' does not exist on type '{ bgPrimary: string; bgSecondary: string; bgCard: string; borderSubtle: string; textPrimary: string; textSecondary: string; textMuted: string; accentTeal: string; accentAmber: string; accentSage: string; accentRose: string; }'. Did you mean 'accentSage'?
mobile/src/components/ProfileSettings.tsx(218,40): error TS2339: Property 'textLight' does not exist on type '{ bgPrimary: string; bgSecondary: string; bgCard: string; borderSubtle: string; textPrimary: string; textSecondary: string; textMuted: string; accentTeal: string; accentAmber: string; accentSage: string; accentRose: string; }'.
mobile/src/components/QuickCheckInModal.tsx(15,8): error TS2307: Cannot find module 'react-native' or its corresponding type declarations.
mobile/src/components/QuickCheckInModal.tsx(164,78): error TS2551: Property 'accentTealSoft' does not exist on type '{ bgPrimary: string; bgSecondary: string; bgCard: string; borderSubtle: string; textPrimary: string; textSecondary: string; textMuted: string; accentTeal: string; accentAmber: string; accentSage: string; accentRose: string; }'. Did you mean 'accentTeal'?
mobile/src/components/QuickCheckInModal.tsx(219,61): error TS2551: Property 'accentRoseSoft' does not exist on type '{ bgPrimary: string; bgSecondary: string; bgCard: string; borderSubtle: string; textPrimary: string; textSecondary: string; textMuted: string; accentTeal: string; accentAmber: string; accentSage: string; accentRose: string; }'. Did you mean 'accentRose'?
mobile/src/components/QuickCheckInModal.tsx(219,85): error TS2551: Property 'accentTealSoft' does not exist on type '{ bgPrimary: string; bgSecondary: string; bgCard: string; borderSubtle: string; textPrimary: string; textSecondary: string; textMuted: string; accentTeal: string; accentAmber: string; accentSage: string; accentRose: string; }'. Did you mean 'accentTeal'?
mobile/src/components/QuickCheckInModal.tsx(245,45): error TS2339: Property 'bgInput' does not exist on type '{ bgPrimary: string; bgSecondary: string; bgCard: string; borderSubtle: string; textPrimary: string; textSecondary: string; textMuted: string; accentTeal: string; accentAmber: string; accentSage: string; accentRose: string; }'.
mobile/src/components/QuickCheckInModal.tsx(260,59): error TS2339: Property 'accentBlue' does not exist on type '{ bgPrimary: string; bgSecondary: string; bgCard: string; borderSubtle: string; textPrimary: string; textSecondary: string; textMuted: string; accentTeal: string; accentAmber: string; accentSage: string; accentRose: string; }'.
mobile/src/components/QuickCheckInModal.tsx(264,88): error TS2339: Property 'accentBlue' does not exist on type '{ bgPrimary: string; bgSecondary: string; bgCard: string; borderSubtle: string; textPrimary: string; textSecondary: string; textMuted: string; accentTeal: string; accentAmber: string; accentSage: string; accentRose: string; }'.
mobile/src/components/QuickCheckInModal.tsx(265,68): error TS2339: Property 'accentBlue' does not exist on type '{ bgPrimary: string; bgSecondary: string; bgCard: string; borderSubtle: string; textPrimary: string; textSecondary: string; textMuted: string; accentTeal: string; accentAmber: string; accentSage: string; accentRose: string; }'.
mobile/src/components/QuickCheckInModal.tsx(285,69): error TS2339: Property 'textLight' does not exist on type '{ bgPrimary: string; bgSecondary: string; bgCard: string; borderSubtle: string; textPrimary: string; textSecondary: string; textMuted: string; accentTeal: string; accentAmber: string; accentSage: string; accentRose: string; }'.
mobile/src/components/RecoveryJourney.tsx(12,8): error TS2307: Cannot find module 'react-native' or its corresponding type declarations.
mobile/src/components/RecoveryJourney.tsx(138,88): error TS2339: Property 'accentBlue' does not exist on type '{ bgPrimary: string; bgSecondary: string; bgCard: string; borderSubtle: string; textPrimary: string; textSecondary: string; textMuted: string; accentTeal: string; accentAmber: string; accentSage: string; accentRose: string; }'.
mobile/src/components/RecoveryJourney.tsx(146,66): error TS2551: Property 'accentTealSoft' does not exist on type '{ bgPrimary: string; bgSecondary: string; bgCard: string; borderSubtle: string; textPrimary: string; textSecondary: string; textMuted: string; accentTeal: string; accentAmber: string; accentSage: string; accentRose: string; }'. Did you mean 'accentTeal'?
mobile/src/components/RecoveryJourney.tsx(156,66): error TS2339: Property 'textLight' does not exist on type '{ bgPrimary: string; bgSecondary: string; bgCard: string; borderSubtle: string; textPrimary: string; textSecondary: string; textMuted: string; accentTeal: string; accentAmber: string; accentSage: string; accentRose: string; }'.
mobile/src/components/RecoveryJourney.tsx(160,88): error TS2551: Property 'accentTealSoft' does not exist on type '{ bgPrimary: string; bgSecondary: string; bgCard: string; borderSubtle: string; textPrimary: string; textSecondary: string; textMuted: string; accentTeal: string; accentAmber: string; accentSage: string; accentRose: string; }'. Did you mean 'accentTeal'?
mobile/src/components/RecoveryJourney.tsx(166,89): error TS2551: Property 'accentTealSoft' does not exist on type '{ bgPrimary: string; bgSecondary: string; bgCard: string; borderSubtle: string; textPrimary: string; textSecondary: string; textMuted: string; accentTeal: string; accentAmber: string; accentSage: string; accentRose: string; }'. Did you mean 'accentTeal'?
mobile/src/components/RecoveryJourney.tsx(188,65): error TS2339: Property 'accentBlue' does not exist on type '{ bgPrimary: string; bgSecondary: string; bgCard: string; borderSubtle: string; textPrimary: string; textSecondary: string; textMuted: string; accentTeal: string; accentAmber: string; accentSage: string; accentRose: string; }'.
mobile/src/components/RecoveryJourney.tsx(214,66): error TS2339: Property 'textLight' does not exist on type '{ bgPrimary: string; bgSecondary: string; bgCard: string; borderSubtle: string; textPrimary: string; textSecondary: string; textMuted: string; accentTeal: string; accentAmber: string; accentSage: string; accentRose: string; }'.
mobile/src/components/RecoveryJourney.tsx(286,66): error TS2339: Property 'textLight' does not exist on type '{ bgPrimary: string; bgSecondary: string; bgCard: string; borderSubtle: string; textPrimary: string; textSecondary: string; textMuted: string; accentTeal: string; accentAmber: string; accentSage: string; accentRose: string; }'.
mobile/src/components/RecoveryJourney.tsx(319,60): error TS2339: Property 'textLight' does not exist on type '{ bgPrimary: string; bgSecondary: string; bgCard: string; borderSubtle: string; textPrimary: string; textSecondary: string; textMuted: string; accentTeal: string; accentAmber: string; accentSage: string; accentRose: string; }'.
mobile/src/components/RecoveryJourney.tsx(332,64): error TS2339: Property 'textLight' does not exist on type '{ bgPrimary: string; bgSecondary: string; bgCard: string; borderSubtle: string; textPrimary: string; textSecondary: string; textMuted: string; accentTeal: string; accentAmber: string; accentSage: string; accentRose: string; }'.
mobile/src/components/SplashScreen.tsx(4,58): error TS2307: Cannot find module 'react-native' or its corresponding type declarations.
mobile/src/components/SupportSection.tsx(14,8): error TS2307: Cannot find module 'react-native' or its corresponding type declarations.
mobile/src/components/SupportSection.tsx(48,45): error TS7006: Parameter 'e' implicitly has an 'any' type.
mobile/src/components/SupportSection.tsx(109,92): error TS2339: Property 'accentBlue' does not exist on type '{ bgPrimary: string; bgSecondary: string; bgCard: string; borderSubtle: string; textPrimary: string; textSecondary: string; textMuted: string; accentTeal: string; accentAmber: string; accentSage: string; accentRose: string; }'.
mobile/src/components/SupportSection.tsx(121,71): error TS2551: Property 'accentTealSoft' does not exist on type '{ bgPrimary: string; bgSecondary: string; bgCard: string; borderSubtle: string; textPrimary: string; textSecondary: string; textMuted: string; accentTeal: string; accentAmber: string; accentSage: string; accentRose: string; }'. Did you mean 'accentTeal'?
mobile/src/components/SupportSection.tsx(173,77): error TS2551: Property 'accentRoseSoft' does not exist on type '{ bgPrimary: string; bgSecondary: string; bgCard: string; borderSubtle: string; textPrimary: string; textSecondary: string; textMuted: string; accentTeal: string; accentAmber: string; accentSage: string; accentRose: string; }'. Did you mean 'accentRose'?
mobile/src/components/SupportSection.tsx(187,66): error TS2339: Property 'textLight' does not exist on type '{ bgPrimary: string; bgSecondary: string; bgCard: string; borderSubtle: string; textPrimary: string; textSecondary: string; textMuted: string; accentTeal: string; accentAmber: string; accentSage: string; accentRose: string; }'.
mobile/src/components/SupportSection.tsx(193,73): error TS2551: Property 'accentTealSoft' does not exist on type '{ bgPrimary: string; bgSecondary: string; bgCard: string; borderSubtle: string; textPrimary: string; textSecondary: string; textMuted: string; accentTeal: string; accentAmber: string; accentSage: string; accentRose: string; }'. Did you mean 'accentTeal'?
mobile/src/components/SupportSection.tsx(194,56): error TS2339: Property 'textLight' does not exist on type '{ bgPrimary: string; bgSecondary: string; bgCard: string; borderSubtle: string; textPrimary: string; textSecondary: string; textMuted: string; accentTeal: string; accentAmber: string; accentSage: string; accentRose: string; }'.
mobile/src/components/SupportSection.tsx(226,76): error TS2551: Property 'accentSageSoft' does not exist on type '{ bgPrimary: string; bgSecondary: string; bgCard: string; borderSubtle: string; textPrimary: string; textSecondary: string; textMuted: string; accentTeal: string; accentAmber: string; accentSage: string; accentRose: string; }'. Did you mean 'accentSage'?
mobile/src/components/SupportSection.tsx(260,64): error TS2339: Property 'textLight' does not exist on type '{ bgPrimary: string; bgSecondary: string; bgCard: string; borderSubtle: string; textPrimary: string; textSecondary: string; textMuted: string; accentTeal: string; accentAmber: string; accentSage: string; accentRose: string; }'.
mobile/src/components/SupportSection.tsx(268,60): error TS2339: Property 'accentBlue' does not exist on type '{ bgPrimary: string; bgSecondary: string; bgCard: string; borderSubtle: string; textPrimary: string; textSecondary: string; textMuted: string; accentTeal: string; accentAmber: string; accentSage: string; accentRose: string; }'.
mobile/src/components/SupportSection.tsx(285,66): error TS2339: Property 'accentBlue' does not exist on type '{ bgPrimary: string; bgSecondary: string; bgCard: string; borderSubtle: string; textPrimary: string; textSecondary: string; textMuted: string; accentTeal: string; accentAmber: string; accentSage: string; accentRose: string; }'.
mobile/src/services/api.ts(5,26): error TS2307: Cannot find module 'react-native' or its corresponding type declarations.
mobile/src/services/nativePermissions.ts(6,24): error TS2307: Cannot find module 'expo-camera' or its corresponding type declarations.
mobile/src/services/nativePermissions.ts(9,26): error TS2307: Cannot find module 'react-native' or its corresponding type declarations.
mobile/src/services/nativePermissions.ts(13,35): error TS2322: Type 'Promise<{ shouldShowAlert: true; shouldPlaySound: false; shouldSetBadge: false; }>' is not assignable to type 'Promise<NotificationBehavior>'.
  Type '{ shouldShowAlert: true; shouldPlaySound: false; shouldSetBadge: false; }' is missing the following properties from type 'NotificationBehavior': shouldShowBanner, shouldShowList
mobile/src/services/nativePermissions.ts(24,15): error TS2339: Property 'status' does not exist on type 'NotificationPermissionsStatus'.
mobile/src/services/nativePermissions.ts(27,17): error TS2339: Property 'status' does not exist on type 'NotificationPermissionsStatus'.
